exports[`test renders correctly 1`] = `
<div
  className="orders">
  <h1
    className="orders-title"
    style={
      Object {
        "fontFamily": "arial",
        "marginTop": 30,
        "textAlign": "center"
      }
    }>
    Orders Dashboard
  </h1>
  <div
    className="order"
    onClick={[Function bound expand]}
    style={
      Object {
        "border": "1px solid black",
        "borderRadius": 10,
        "cursor": "pointer",
        "display": "inline-block",
        "fontFamily": "arial",
        "height": 50,
        "margin": "2%",
        "padding": 20,
        "textAlign": "center",
        "width": "40%"
      }
    }>
    <div>
      Order For - 
      Adham Bard
    </div>
    <div>
      Payment Status: 
      Paid 3748 EUR
    </div>
    <button>
      Click to Expand
    </button>
  </div>
  <div
    className="order"
    onClick={[Function bound expand]}
    style={
      Object {
        "border": "1px solid black",
        "borderRadius": 10,
        "cursor": "pointer",
        "display": "inline-block",
        "fontFamily": "arial",
        "height": 50,
        "margin": "2%",
        "padding": 20,
        "textAlign": "center",
        "width": "40%"
      }
    }>
    <div>
      Order For - 
      Adham Bard
    </div>
    <div>
      Payment Status: 
      Paid 3748 EUR
    </div>
    <button>
      Click to Expand
    </button>
  </div>
  <div
    className="order"
    onClick={[Function bound expand]}
    style={
      Object {
        "border": "1px solid black",
        "borderRadius": 10,
        "cursor": "pointer",
        "display": "inline-block",
        "fontFamily": "arial",
        "height": 50,
        "margin": "2%",
        "padding": 20,
        "textAlign": "center",
        "width": "40%"
      }
    }>
    <div>
      Order For - 
      Adham Bard
    </div>
    <div>
      Payment Status: 
      Paid 3748 EUR
    </div>
    <button>
      Click to Expand
    </button>
  </div>
  <div
    className="order"
    onClick={[Function bound expand]}
    style={
      Object {
        "border": "1px solid black",
        "borderRadius": 10,
        "cursor": "pointer",
        "display": "inline-block",
        "fontFamily": "arial",
        "height": 50,
        "margin": "2%",
        "padding": 20,
        "textAlign": "center",
        "width": "40%"
      }
    }>
    <div>
      Order For - 
      Adham Bard
    </div>
    <div>
      Payment Status: 
      Paid 3748 EUR
    </div>
    <button>
      Click to Expand
    </button>
  </div>
</div>
`;
